﻿
> thoughts@0.0.0 build
> vite build

[36mvite v7.3.2 [32mbuilding client environment for production...[36m[39m
transforming...
[32mΓ£ô[39m 22 modules transformed.
node.exe : [31mΓ£ù[39m Build failed in 525ms
At C:\Program Files\nodejs\npm.ps1:29 char:3
+   & $NODE_EXE $NPM_CLI_JS $args
+   ~~~~~~~~~~~~~~~~~~~~~~~~~~~~~
    + CategoryInfo          : NotSpecified: ([31mΓ£ù[39m Build failed in 525ms:String) [], RemoteException
    + FullyQualifiedErrorId : NativeCommandError
 
[31merror during build:
[31m[vite-plugin-pwa:build] [plugin vite-plugin-pwa:build] src/pages/Reflections.jsx (296:10): There was an error 
during the build:
  Transform failed with 3 errors:
C:/Users/Perfect Elect/Desktop/AI SLOPP APPS/thoughts/src/pages/Reflections.jsx:296:10: ERROR: Unexpected closing 
"div" tag does not match opening "main" tag
C:/Users/Perfect Elect/Desktop/AI SLOPP APPS/thoughts/src/pages/Reflections.jsx:301:8: ERROR: Unexpected closing 
"main" tag does not match opening "div" tag
C:/Users/Perfect Elect/Desktop/AI SLOPP APPS/thoughts/src/pages/Reflections.jsx:302:6: ERROR: Unexpected closing "div" 
tag does not match opening fragment tag
Additionally, handling the error in the 'buildEnd' hook caused the following error:
  Transform failed with 3 errors:
C:/Users/Perfect Elect/Desktop/AI SLOPP APPS/thoughts/src/pages/Reflections.jsx:296:10: ERROR: Unexpected closing 
"div" tag does not match opening "main" tag
C:/Users/Perfect Elect/Desktop/AI SLOPP APPS/thoughts/src/pages/Reflections.jsx:301:8: ERROR: Unexpected closing 
"main" tag does not match opening "div" tag
C:/Users/Perfect Elect/Desktop/AI SLOPP APPS/thoughts/src/pages/Reflections.jsx:302:6: ERROR: Unexpected closing "div" 
tag does not match opening fragment tag[31m
file: [36mC:/Users/Perfect Elect/Desktop/AI SLOPP APPS/thoughts/src/pages/Reflections.jsx:296:10[31m
[33m
[33mUnexpected closing "div" tag does not match opening "main" tag[33m
294 |              </div>
295 |            )}
296 |          </div>
    |            ^
297 |  
298 |          <footer className="w-100 py-5 text-center mt-auto px-4" style={{ borderTop: '1px solid 
var(--border-color)', ...

[33mUnexpected closing "main" tag does not match opening "div" tag[33m
299 |            <p className="text-secondary small m-0" style={{ letterSpacing: '0.5px' }}>Stay mindful. This is your 
priva...
300 |          </footer>
301 |        </main>
    |          ^
302 |      </div>
303 |      </>

[33mUnexpected closing "div" tag does not match opening fragment tag[33m
300 |          </footer>
301 |        </main>
302 |      </div>
    |        ^
303 |      </>
304 |    );
[31m
    at getRollupError (file:///C:/Users/Perfect%20Elect/Desktop/AI%20SLOPP%20APPS/thoughts/node_modules/vite/node_modul
es/rollup/dist/es/shared/parseAst.js:406:41)
    at file:///C:/Users/Perfect%20Elect/Desktop/AI%20SLOPP%20APPS/thoughts/node_modules/vite/node_modules/rollup/dist/e
s/shared/node-entry.js:23863:39
    at process.processTicksAndRejections (node:internal/process/task_queues:105:5)
    at async catchUnfinishedHookActions (file:///C:/Users/Perfect%20Elect/Desktop/AI%20SLOPP%20APPS/thoughts/node_modul
es/vite/node_modules/rollup/dist/es/shared/node-entry.js:23321:16)
    at async rollupInternal (file:///C:/Users/Perfect%20Elect/Desktop/AI%20SLOPP%20APPS/thoughts/node_modules/vite/node
_modules/rollup/dist/es/shared/node-entry.js:23846:5)
    at async buildEnvironment (file:///C:/Users/Perfect%20Elect/Desktop/AI%20SLOPP%20APPS/thoughts/node_modules/vite/di
st/node/chunks/config.js:33545:12)
    at async Object.build (file:///C:/Users/Perfect%20Elect/Desktop/AI%20SLOPP%20APPS/thoughts/node_modules/vite/dist/n
ode/chunks/config.js:33904:19)
    at async Object.buildApp (file:///C:/Users/Perfect%20Elect/Desktop/AI%20SLOPP%20APPS/thoughts/node_modules/vite/dis
t/node/chunks/config.js:33901:153)
    at async CAC.<anonymous> 
(file:///C:/Users/Perfect%20Elect/Desktop/AI%20SLOPP%20APPS/thoughts/node_modules/vite/dist/node/cli.js:629:3)[39m
